#
# There is insufficient memory for the Java Runtime Environment to continue.
# Native memory allocation (malloc) failed to allocate 1048576 bytes. Error detail: AllocateHeap
# Possible reasons:
#   The system is out of physical RAM or swap space
#   This process is running with CompressedOops enabled, and the Java Heap may be blocking the growth of the native heap
# Possible solutions:
#   Reduce memory load on the system
#   Increase physical memory or swap space
#   Check if swap backing store is full
#   Decrease Java heap size (-Xmx/-Xms)
#   Decrease number of Java threads
#   Decrease Java thread stack sizes (-Xss)
#   Set larger code cache with -XX:ReservedCodeCacheSize=
#   JVM is running with Unscaled Compressed Oops mode in which the Java heap is
#     placed in the first 4GB address space. The Java Heap base address is the
#     maximum limit for the native heap growth. Please use -XX:HeapBaseMinAddress
#     to set the Java Heap base and to place the Java Heap above 4GB virtual address.
# This output file may be truncated or incomplete.
#
#  Out of Memory Error (allocation.cpp:44), pid=11096, tid=5688
#
# JRE version: OpenJDK Runtime Environment Temurin-21.0.9+10 (21.0.9+10) (build 21.0.9+10-LTS)
# Java VM: OpenJDK 64-Bit Server VM Temurin-21.0.9+10 (21.0.9+10-LTS, mixed mode, sharing, tiered, compressed oops, compressed class ptrs, parallel gc, windows-amd64)
# No core dump will be written. Minidumps are not enabled by default on client versions of Windows
#

---------------  S U M M A R Y ------------

Command Line: --add-modules=ALL-SYSTEM --add-opens=java.base/java.util=ALL-UNNAMED --add-opens=java.base/java.lang=ALL-UNNAMED --add-opens=java.base/sun.nio.fs=ALL-UNNAMED -Declipse.application=org.eclipse.jdt.ls.core.id1 -Dosgi.bundles.defaultStartLevel=4 -Declipse.product=org.eclipse.jdt.ls.core.product -Djava.import.generatesMetadataFilesAtProjectRoot=false -DDetectVMInstallationsJob.disabled=true -Dfile.encoding=utf8 -XX:+UseParallelGC -XX:GCTimeRatio=4 -XX:AdaptiveSizePolicyWeight=90 -Dsun.zip.disableMemoryMapping=true -Xmx2G -Xms100m -Xlog:disable -javaagent:c:\Users\Wipro\.windsurf\extensions\redhat.java-1.50.0-win32-x64\lombok\lombok-1.18.39-4050.jar -XX:+HeapDumpOnOutOfMemoryError -XX:HeapDumpPath=c:\Users\Wipro\AppData\Roaming\Windsurf\User\workspaceStorage\5ad08d04c02ac3e337a70397266f9eba\redhat.java -Daether.dependencyCollector.impl=bf c:\Users\Wipro\.windsurf\extensions\redhat.java-1.50.0-win32-x64\server\plugins\org.eclipse.equinox.launcher_1.7.100.v20251111-0406.jar -configuration c:\Users\Wipro\AppData\Roaming\Windsurf\User\globalStorage\redhat.java\1.50.0\config_win -data c:\Users\Wipro\AppData\Roaming\Windsurf\User\workspaceStorage\5ad08d04c02ac3e337a70397266f9eba\redhat.java\jdt_ws --pipe=\\.\pipe\lsp-b345e4f8e440e0749723705c5d899b41-sock

Host: Intel(R) Core(TM) i5-8350U CPU @ 1.70GHz, 8 cores, 7G,  Windows 11 , 64 bit Build 26100 (10.0.26100.7019)
Time: Tue Jan  6 10:03:44 2026 South Africa Standard Time elapsed time: 173.422473 seconds (0d 0h 2m 53s)

---------------  T H R E A D  ---------------

Current thread (0x000001abd47a4070):  JavaThread "Attach Listener" daemon [_thread_in_vm, id=5688, stack(0x0000001539f00000,0x000000153a000000) (1024K)]

Stack: [0x0000001539f00000,0x000000153a000000]
Native frames: (J=compiled Java code, j=interpreted, Vv=VM code, C=native code)
V  [jvm.dll+0x6d6e29]
V  [jvm.dll+0x8b4b76]
V  [jvm.dll+0x8b712e]
V  [jvm.dll+0x8b7813]
V  [jvm.dll+0x283d86]
V  [jvm.dll+0xc1277]
V  [jvm.dll+0x6d76d9]
V  [jvm.dll+0x133466]
V  [jvm.dll+0x3f7ea6]
V  [jvm.dll+0x85e9ad]
V  [jvm.dll+0x6d565d]
C  [ucrtbase.dll+0x37b0]
C  [KERNEL32.DLL+0x2e8d7]
C  [ntdll.dll+0x8c53c]


---------------  P R O C E S S  ---------------

Threads class SMR info:
_java_thread_list=0x000001ac1deb5580, length=39, elements={
0x000001abbdd2b220, 0x000001abd479d2b0, 0x000001abd47a0ac0, 0x000001abd47a3620,
0x000001abd47a4070, 0x000001abd47a5880, 0x000001abd47a6a70, 0x000001abd47a98b0,
0x000001ac17133450, 0x000001ac1731e640, 0x000001ac174f8f60, 0x000001ac1c0b5240,
0x000001ac1c080730, 0x000001ac17a1afe0, 0x000001ac17a1c430, 0x000001ac1c673010,
0x000001ac17b14cb0, 0x000001ac1738a530, 0x000001ac17252a60, 0x000001ac1cf22fd0,
0x000001ac1cf24a10, 0x000001ac1cf250a0, 0x000001ac1cf21c20, 0x000001ac1cf22940,
0x000001ac1cf222b0, 0x000001ac1e999400, 0x000001ac1e99a120, 0x000001ac1e99b4d0,
0x000001ac1e9986e0, 0x000001ac1e998d70, 0x000001ac1e999a90, 0x000001ac1e99a7b0,
0x000001ac1e998050, 0x000001ac1e99ae40, 0x000001ac1cdc44e0, 0x000001ac1cdc3e50,
0x000001ac1cdc2aa0, 0x000001ac1cdc1060, 0x000001ac1cdc1d80
}

Java Threads: ( => current thread )
  0x000001abbdd2b220 JavaThread "main"                              [_thread_blocked, id=21420, stack(0x0000001539800000,0x0000001539900000) (1024K)]
  0x000001abd479d2b0 JavaThread "Reference Handler"          daemon [_thread_blocked, id=14876, stack(0x0000001539c00000,0x0000001539d00000) (1024K)]
  0x000001abd47a0ac0 JavaThread "Finalizer"                  daemon [_thread_blocked, id=12956, stack(0x0000001539d00000,0x0000001539e00000) (1024K)]
  0x000001abd47a3620 JavaThread "Signal Dispatcher"          daemon [_thread_blocked, id=12876, stack(0x0000001539e00000,0x0000001539f00000) (1024K)]
=>0x000001abd47a4070 JavaThread "Attach Listener"            daemon [_thread_in_vm, id=5688, stack(0x0000001539f00000,0x000000153a000000) (1024K)]
  0x000001abd47a5880 JavaThread "Service Thread"             daemon [_thread_blocked, id=18656, stack(0x000000153a000000,0x000000153a100000) (1024K)]
  0x000001abd47a6a70 JavaThread "Monitor Deflation Thread"   daemon [_thread_blocked, id=22736, stack(0x000000153a100000,0x000000153a200000) (1024K)]
  0x000001abd47a98b0 JavaThread "C2 CompilerThread0"         daemon [_thread_blocked, id=5304, stack(0x000000153a200000,0x000000153a300000) (1024K)]
  0x000001ac17133450 JavaThread "C1 CompilerThread0"         daemon [_thread_blocked, id=12700, stack(0x000000153a300000,0x000000153a400000) (1024K)]
  0x000001ac1731e640 JavaThread "Common-Cleaner"             daemon [_thread_blocked, id=12212, stack(0x000000153a400000,0x000000153a500000) (1024K)]
  0x000001ac174f8f60 JavaThread "Notification Thread"        daemon [_thread_blocked, id=22488, stack(0x000000153a500000,0x000000153a600000) (1024K)]
  0x000001ac1c0b5240 JavaThread "Active Thread: Equinox Container: 19087055-b3eb-4eea-9c08-437371c96297"        [_thread_blocked, id=23096, stack(0x000000153ad00000,0x000000153ae00000) (1024K)]
  0x000001ac1c080730 JavaThread "Refresh Thread: Equinox Container: 19087055-b3eb-4eea-9c08-437371c96297" daemon [_thread_blocked, id=21296, stack(0x000000153af00000,0x000000153b000000) (1024K)]
  0x000001ac17a1afe0 JavaThread "Framework Event Dispatcher: Equinox Container: 19087055-b3eb-4eea-9c08-437371c96297" daemon [_thread_blocked, id=10584, stack(0x000000153b100000,0x000000153b200000) (1024K)]
  0x000001ac17a1c430 JavaThread "Start Level: Equinox Container: 19087055-b3eb-4eea-9c08-437371c96297" daemon [_thread_blocked, id=18800, stack(0x000000153b200000,0x000000153b300000) (1024K)]
  0x000001ac1c673010 JavaThread "Bundle File Closer"         daemon [_thread_blocked, id=21244, stack(0x000000153ae00000,0x000000153af00000) (1024K)]
  0x000001ac17b14cb0 JavaThread "SCR Component Actor"        daemon [_thread_blocked, id=12272, stack(0x000000153ac00000,0x000000153ad00000) (1024K)]
  0x000001ac1738a530 JavaThread "Worker-JM"                         [_thread_blocked, id=18916, stack(0x000000153b400000,0x000000153b500000) (1024K)]
  0x000001ac17252a60 JavaThread "JNA Cleaner"                daemon [_thread_blocked, id=17904, stack(0x000000153b300000,0x000000153b400000) (1024K)]
  0x000001ac1cf22fd0 JavaThread "Java indexing"              daemon [_thread_blocked, id=22536, stack(0x000000153b900000,0x000000153ba00000) (1024K)]
  0x000001ac1cf24a10 JavaThread "Worker-3"                          [_thread_blocked, id=7824, stack(0x000000153b800000,0x000000153b900000) (1024K)]
  0x000001ac1cf250a0 JavaThread "Worker-4"                          [_thread_blocked, id=21660, stack(0x000000153bd00000,0x000000153be00000) (1024K)]
  0x000001ac1cf21c20 JavaThread "Thread-1"                   daemon [_thread_in_native, id=23404, stack(0x000000153be00000,0x000000153bf00000) (1024K)]
  0x000001ac1cf22940 JavaThread "Thread-2"                   daemon [_thread_in_native, id=4240, stack(0x000000153bf00000,0x000000153c000000) (1024K)]
  0x000001ac1cf222b0 JavaThread "Thread-3"                   daemon [_thread_in_native, id=18032, stack(0x000000153c000000,0x000000153c100000) (1024K)]
  0x000001ac1e999400 JavaThread "Thread-4"                   daemon [_thread_in_native, id=4160, stack(0x000000153c100000,0x000000153c200000) (1024K)]
  0x000001ac1e99a120 JavaThread "Thread-5"                   daemon [_thread_in_native, id=21952, stack(0x000000153c200000,0x000000153c300000) (1024K)]
  0x000001ac1e99b4d0 JavaThread "Thread-6"                   daemon [_thread_in_native, id=21808, stack(0x000000153c300000,0x000000153c400000) (1024K)]
  0x000001ac1e9986e0 JavaThread "Thread-7"                   daemon [_thread_in_native, id=19540, stack(0x000000153c400000,0x000000153c500000) (1024K)]
  0x000001ac1e998d70 JavaThread "Thread-8"                   daemon [_thread_in_native, id=4984, stack(0x000000153c500000,0x000000153c600000) (1024K)]
  0x000001ac1e999a90 JavaThread "Thread-9"                   daemon [_thread_in_native, id=18884, stack(0x000000153c600000,0x000000153c700000) (1024K)]
  0x000001ac1e99a7b0 JavaThread "pool-2-thread-1"                   [_thread_blocked, id=10908, stack(0x000000153c700000,0x000000153c800000) (1024K)]
  0x000001ac1e998050 JavaThread "WorkspaceEventsHandler"            [_thread_blocked, id=19360, stack(0x000000153c800000,0x000000153c900000) (1024K)]
  0x000001ac1e99ae40 JavaThread "pool-1-thread-1"                   [_thread_blocked, id=18984, stack(0x000000153c900000,0x000000153ca00000) (1024K)]
  0x000001ac1cdc44e0 JavaThread "ForkJoinPool.commonPool-worker-1" daemon [_thread_blocked, id=11556, stack(0x000000153ca00000,0x000000153cb00000) (1024K)]
  0x000001ac1cdc3e50 JavaThread "ForkJoinPool.commonPool-worker-2" daemon [_thread_blocked, id=20840, stack(0x000000153cb00000,0x000000153cc00000) (1024K)]
  0x000001ac1cdc2aa0 JavaThread "ForkJoinPool.commonPool-worker-4" daemon [_thread_blocked, id=22956, stack(0x000000153cd00000,0x000000153ce00000) (1024K)]
  0x000001ac1cdc1060 JavaThread "ForkJoinPool.commonPool-worker-5" daemon [_thread_blocked, id=10252, stack(0x000000153ce00000,0x000000153cf00000) (1024K)]
  0x000001ac1cdc1d80 JavaThread "ForkJoinPool.commonPool-worker-6" daemon [_thread_blocked, id=11568, stack(0x000000153cf00000,0x000000153d000000) (1024K)]
Total: 39

Other Threads:
  0x000001abd4782b50 VMThread "VM Thread"                           [id=20364, stack(0x0000001539b00000,0x0000001539c00000) (1024K)]
  0x000001abd46bbb20 WatcherThread "VM Periodic Task Thread"        [id=16692, stack(0x0000001539a00000,0x0000001539b00000) (1024K)]
  0x000001abbdd49290 WorkerThread "GC Thread#0"                     [id=17728, stack(0x0000001539900000,0x0000001539a00000) (1024K)]
  0x000001ac17777800 WorkerThread "GC Thread#1"                     [id=22812, stack(0x000000153a700000,0x000000153a800000) (1024K)]
  0x000001ac179e58e0 WorkerThread "GC Thread#2"                     [id=14936, stack(0x000000153a600000,0x000000153a700000) (1024K)]
  0x000001ac179e5c80 WorkerThread "GC Thread#3"                     [id=3352, stack(0x000000153a800000,0x000000153a900000) (1024K)]
  0x000001ac175fab70 WorkerThread "GC Thread#4"                     [id=12192, stack(0x000000153a900000,0x000000153aa00000) (1024K)]
  0x000001ac175faf10 WorkerThread "GC Thread#5"                     [id=1704, stack(0x000000153aa00000,0x000000153ab00000) (1024K)]
  0x000001ac175fb2b0 WorkerThread "GC Thread#6"                     [id=11584, stack(0x000000153ab00000,0x000000153ac00000) (1024K)]
  0x000001ac1c07b940 WorkerThread "GC Thread#7"                     [id=9516, stack(0x000000153b000000,0x000000153b100000) (1024K)]
Total: 10

Threads with active compile tasks:
Total: 0

VM state: not at safepoint (normal execution)

VM Mutex/Monitor currently owned by a thread: None

Heap address: 0x0000000080000000, size: 2048 MB, Compressed Oops mode: 32-bit

CDS archive(s) mapped at: [0x000001abd5000000-0x000001abd5ba0000-0x000001abd5ba0000), size 12189696, SharedBaseAddress: 0x000001abd5000000, ArchiveRelocationMode: 1.
Compressed class space mapped at: 0x000001abd6000000-0x000001ac16000000, reserved size: 1073741824
Narrow klass base: 0x000001abd5000000, Narrow klass shift: 0, Narrow klass range: 0x100000000

GC Precious Log:
 CardTable entry size: 512
 CPUs: 8 total, 8 available
 Memory: 8035M
 Large Page Support: Disabled
 NUMA Support: Disabled
 Compressed Oops: Enabled (32-bit)
 Alignments: Space 512K, Generation 512K, Heap 2M
 Heap Min Capacity: 100M
 Heap Initial Capacity: 100M
 Heap Max Capacity: 2G
 Pre-touch: Disabled
 Parallel Workers: 8

Heap:
 PSYoungGen      total 17408K, used 13645K [0x00000000d5580000, 0x00000000d6c80000, 0x0000000100000000)
  eden space 15872K, 76% used [0x00000000d5580000,0x00000000d615b5c8,0x00000000d6500000)
  from space 1536K, 97% used [0x00000000d6800000,0x00000000d6978010,0x00000000d6980000)
  to   space 3072K, 0% used [0x00000000d6500000,0x00000000d6500000,0x00000000d6800000)
 ParOldGen       total 98816K, used 70993K [0x0000000080000000, 0x0000000086080000, 0x00000000d5580000)
  object space 98816K, 71% used [0x0000000080000000,0x0000000084554558,0x0000000086080000)
 Metaspace       used 62643K, committed 64128K, reserved 1114112K
  class space    used 6702K, committed 7296K, reserved 1048576K

Card table byte_map: [0x000001abbd700000,0x000001abbdb10000] _byte_map_base: 0x000001abbd300000

Marking Bits: (ParMarkBitMap*) 0x00007ffe6b422460
 Begin Bits: [0x000001abd01e0000, 0x000001abd21e0000)
 End Bits:   [0x000001abd21e0000, 0x000001abd41e0000)

Polling page: 0x000001abbd4f0000

Metaspace:

Usage:
  Non-class:     54.63 MB used.
      Class:      6.55 MB used.
       Both:     61.18 MB used.

Virtual space:
  Non-class space:       64.00 MB reserved,      55.50 MB ( 87%) committed,  1 nodes.
      Class space:        1.00 GB reserved,       7.12 MB ( <1%) committed,  1 nodes.
             Both:        1.06 GB reserved,      62.62 MB (  6%) committed. 

Chunk freelists:
   Non-Class:  8.29 MB
       Class:  8.88 MB
        Both:  17.17 MB

MaxMetaspaceSize: unlimited
CompressedClassSpaceSize: 1.00 GB
Initial GC threshold: 21.00 MB
Current GC threshold: 97.31 MB
CDS: on
 - commit_granule_bytes: 65536.
 - commit_granule_words: 8192.
 - virtual_space_node_default_size: 8388608.
 - enlarge_chunks_in_place: 1.
 - use_allocation_guard: 0.


Internal statistics:

num_allocs_failed_limit: 9.
num_arena_births: 1206.
num_arena_deaths: 22.
num_vsnodes_births: 2.
num_vsnodes_deaths: 0.
num_space_committed: 1002.
num_space_uncommitted: 0.
num_chunks_returned_to_freelist: 35.
num_chunks_taken_from_freelist: 4205.
num_chunk_merges: 18.
num_chunk_splits: 2552.
num_chunks_enlarged: 1383.
num_inconsistent_stats: 0.

CodeHeap 'non-profiled nmethods': size=120000Kb used=6934Kb max_used=6934Kb free=113065Kb
 bounds [0x000001abc8a00000, 0x000001abc90d0000, 0x000001abcff30000]
CodeHeap 'profiled nmethods': size=120000Kb used=22185Kb max_used=22185Kb free=97814Kb
 bounds [0x000001abc0f30000, 0x000001abc24e0000, 0x000001abc8460000]
CodeHeap 'non-nmethods': size=5760Kb used=1421Kb max_used=1516Kb free=4338Kb
 bounds [0x000001abc8460000, 0x000001abc86d0000, 0x000001abc8a00000]
CodeCache: size=245760Kb, used=30540Kb, max_used=30635Kb, free=215217Kb
 total_blobs=10701, nmethods=9970, adapters=637, full_count=0
Compilation: enabled, stopped_count=0, restarted_count=0

Compilation events (20 events):
Event: 166.135 Thread 0x000001ac1f26d4c0 nmethod 10691 0x000001abc90b2b90 code [0x000001abc90b2d40, 0x000001abc90b3078]
Event: 166.135 Thread 0x000001ac1f26d4c0 10678 %     4       org.eclipse.jdt.core.compiler.CharOperation::splitOn @ 27 (150 bytes)
Event: 166.171 Thread 0x000001ac1f26d4c0 nmethod 10678% 0x000001abc90b3290 code [0x000001abc90b3480, 0x000001abc90b42b8]
Event: 166.171 Thread 0x000001ac1f26d4c0 10761       4       org.eclipse.jdt.internal.compiler.util.CharArrayMap::get (38 bytes)
Event: 166.175 Thread 0x000001ac1f26d4c0 nmethod 10761 0x000001abc90b4610 code [0x000001abc90b47a0, 0x000001abc90b49b8]
Event: 166.175 Thread 0x000001ac1f26d4c0 10631       4       java.util.Arrays::hashCode (56 bytes)
Event: 166.179 Thread 0x000001ac1f26d4c0 nmethod 10631 0x000001abc90b4a90 code [0x000001abc90b4c20, 0x000001abc90b4db0]
Event: 166.180 Thread 0x000001ac1f26d4c0 10770       4       org.eclipse.jdt.internal.compiler.lookup.LookupEnvironment::getCachedType0 (112 bytes)
Event: 166.252 Thread 0x000001ac1f26d4c0 nmethod 10770 0x000001abc90b4e90 code [0x000001abc90b51c0, 0x000001abc90b6988]
Event: 166.253 Thread 0x000001ac1f26d4c0 10680       4       java.lang.invoke.Invokers$Holder::linkToTargetMethod (9 bytes)
Event: 166.254 Thread 0x000001ac1f26d4c0 nmethod 10680 0x000001abc90b7590 code [0x000001abc90b7720, 0x000001abc90b7820]
Event: 166.254 Thread 0x000001ac1f26d4c0 10780       4       jdk.internal.jrtfs.JrtDirectoryStream$1::next (5 bytes)
Event: 166.258 Thread 0x000001ac1f26d4c0 nmethod 10780 0x000001abc90b7910 code [0x000001abc90b7ac0, 0x000001abc90b7e20]
Event: 166.259 Thread 0x000001ac1f26d4c0 10781   !   4       jdk.internal.jrtfs.JrtDirectoryStream$1::next (48 bytes)
Event: 166.262 Thread 0x000001ac1f26d4c0 nmethod 10781 0x000001abc90b8010 code [0x000001abc90b81c0, 0x000001abc90b8520]
Event: 166.263 Thread 0x000001ac1f26d4c0 10759       4       java.util.stream.ReduceOps$3ReducingSink::accept (15 bytes)
Event: 166.264 Thread 0x000001ac1f26d4c0 nmethod 10759 0x000001abc90b8710 code [0x000001abc90b88a0, 0x000001abc90b8960]
Event: 166.265 Thread 0x000001ac1f26d4c0 10666       4       java.nio.ByteBuffer::<init> (47 bytes)
Event: 166.270 Thread 0x000001ac1f26d4c0 nmethod 10666 0x000001abc90b8a10 code [0x000001abc90b8ba0, 0x000001abc90b8d30]
Event: 166.441 Thread 0x000001abd47a98b0 nmethod 10630% 0x000001abc90b8e90 code [0x000001abc90b9660, 0x000001abc90c15e8]

GC Heap History (20 events):
Event: 163.547 GC heap before
{Heap before GC invocations=68 (full 3):
 PSYoungGen      total 19456K, used 19425K [0x00000000d5580000, 0x00000000d6d80000, 0x0000000100000000)
  eden space 18432K, 100% used [0x00000000d5580000,0x00000000d6780000,0x00000000d6780000)
  from space 1024K, 96% used [0x00000000d6a00000,0x00000000d6af84c0,0x00000000d6b00000)
  to   space 2560K, 0% used [0x00000000d6780000,0x00000000d6780000,0x00000000d6a00000)
 ParOldGen       total 98816K, used 61160K [0x0000000080000000, 0x0000000086080000, 0x00000000d5580000)
  object space 98816K, 61% used [0x0000000080000000,0x0000000083bba390,0x0000000086080000)
 Metaspace       used 61613K, committed 63104K, reserved 1114112K
  class space    used 6582K, committed 7168K, reserved 1048576K
}
Event: 163.556 GC heap after
{Heap after GC invocations=68 (full 3):
 PSYoungGen      total 19456K, used 842K [0x00000000d5580000, 0x00000000d6a80000, 0x0000000100000000)
  eden space 18432K, 0% used [0x00000000d5580000,0x00000000d5580000,0x00000000d6780000)
  from space 1024K, 82% used [0x00000000d6780000,0x00000000d6852918,0x00000000d6880000)
  to   space 1536K, 0% used [0x00000000d6900000,0x00000000d6900000,0x00000000d6a80000)
 ParOldGen       total 98816K, used 62160K [0x0000000080000000, 0x0000000086080000, 0x00000000d5580000)
  object space 98816K, 62% used [0x0000000080000000,0x0000000083cb4338,0x0000000086080000)
 Metaspace       used 61613K, committed 63104K, reserved 1114112K
  class space    used 6582K, committed 7168K, reserved 1048576K
}
Event: 163.700 GC heap before
{Heap before GC invocations=69 (full 3):
 PSYoungGen      total 19456K, used 19274K [0x00000000d5580000, 0x00000000d6a80000, 0x0000000100000000)
  eden space 18432K, 100% used [0x00000000d5580000,0x00000000d6780000,0x00000000d6780000)
  from space 1024K, 82% used [0x00000000d6780000,0x00000000d6852918,0x00000000d6880000)
  to   space 1536K, 0% used [0x00000000d6900000,0x00000000d6900000,0x00000000d6a80000)
 ParOldGen       total 98816K, used 62160K [0x0000000080000000, 0x0000000086080000, 0x00000000d5580000)
  object space 98816K, 62% used [0x0000000080000000,0x0000000083cb4338,0x0000000086080000)
 Metaspace       used 61619K, committed 63104K, reserved 1114112K
  class space    used 6582K, committed 7168K, reserved 1048576K
}
Event: 163.705 GC heap after
{Heap after GC invocations=69 (full 3):
 PSYoungGen      total 19968K, used 1093K [0x00000000d5580000, 0x00000000d6a80000, 0x0000000100000000)
  eden space 18432K, 0% used [0x00000000d5580000,0x00000000d5580000,0x00000000d6780000)
  from space 1536K, 71% used [0x00000000d6900000,0x00000000d6a11450,0x00000000d6a80000)
  to   space 1536K, 0% used [0x00000000d6780000,0x00000000d6780000,0x00000000d6900000)
 ParOldGen       total 98816K, used 62857K [0x0000000080000000, 0x0000000086080000, 0x00000000d5580000)
  object space 98816K, 63% used [0x0000000080000000,0x0000000083d62698,0x0000000086080000)
 Metaspace       used 61619K, committed 63104K, reserved 1114112K
  class space    used 6582K, committed 7168K, reserved 1048576K
}
Event: 164.161 GC heap before
{Heap before GC invocations=70 (full 3):
 PSYoungGen      total 19968K, used 19525K [0x00000000d5580000, 0x00000000d6a80000, 0x0000000100000000)
  eden space 18432K, 100% used [0x00000000d5580000,0x00000000d6780000,0x00000000d6780000)
  from space 1536K, 71% used [0x00000000d6900000,0x00000000d6a11450,0x00000000d6a80000)
  to   space 1536K, 0% used [0x00000000d6780000,0x00000000d6780000,0x00000000d6900000)
 ParOldGen       total 98816K, used 62857K [0x0000000080000000, 0x0000000086080000, 0x00000000d5580000)
  object space 98816K, 63% used [0x0000000080000000,0x0000000083d62698,0x0000000086080000)
 Metaspace       used 61627K, committed 63104K, reserved 1114112K
  class space    used 6582K, committed 7168K, reserved 1048576K
}
Event: 164.183 GC heap after
{Heap after GC invocations=70 (full 3):
 PSYoungGen      total 19968K, used 1085K [0x00000000d5580000, 0x00000000d6a80000, 0x0000000100000000)
  eden space 18432K, 0% used [0x00000000d5580000,0x00000000d5580000,0x00000000d6780000)
  from space 1536K, 70% used [0x00000000d6780000,0x00000000d688f588,0x00000000d6900000)
  to   space 1536K, 0% used [0x00000000d6900000,0x00000000d6900000,0x00000000d6a80000)
 ParOldGen       total 98816K, used 64605K [0x0000000080000000, 0x0000000086080000, 0x00000000d5580000)
  object space 98816K, 65% used [0x0000000080000000,0x0000000083f176b0,0x0000000086080000)
 Metaspace       used 61627K, committed 63104K, reserved 1114112K
  class space    used 6582K, committed 7168K, reserved 1048576K
}
Event: 164.294 GC heap before
{Heap before GC invocations=71 (full 3):
 PSYoungGen      total 19968K, used 19517K [0x00000000d5580000, 0x00000000d6a80000, 0x0000000100000000)
  eden space 18432K, 100% used [0x00000000d5580000,0x00000000d6780000,0x00000000d6780000)
  from space 1536K, 70% used [0x00000000d6780000,0x00000000d688f588,0x00000000d6900000)
  to   space 1536K, 0% used [0x00000000d6900000,0x00000000d6900000,0x00000000d6a80000)
 ParOldGen       total 98816K, used 64605K [0x0000000080000000, 0x0000000086080000, 0x00000000d5580000)
  object space 98816K, 65% used [0x0000000080000000,0x0000000083f176b0,0x0000000086080000)
 Metaspace       used 61629K, committed 63104K, reserved 1114112K
  class space    used 6582K, committed 7168K, reserved 1048576K
}
Event: 164.301 GC heap after
{Heap after GC invocations=71 (full 3):
 PSYoungGen      total 19968K, used 1020K [0x00000000d5580000, 0x00000000d6a80000, 0x0000000100000000)
  eden space 18432K, 0% used [0x00000000d5580000,0x00000000d5580000,0x00000000d6780000)
  from space 1536K, 66% used [0x00000000d6900000,0x00000000d69ff3b8,0x00000000d6a80000)
  to   space 1536K, 0% used [0x00000000d6780000,0x00000000d6780000,0x00000000d6900000)
 ParOldGen       total 98816K, used 65563K [0x0000000080000000, 0x0000000086080000, 0x00000000d5580000)
  object space 98816K, 66% used [0x0000000080000000,0x0000000084006c78,0x0000000086080000)
 Metaspace       used 61629K, committed 63104K, reserved 1114112K
  class space    used 6582K, committed 7168K, reserved 1048576K
}
Event: 164.394 GC heap before
{Heap before GC invocations=72 (full 3):
 PSYoungGen      total 19968K, used 19452K [0x00000000d5580000, 0x00000000d6a80000, 0x0000000100000000)
  eden space 18432K, 100% used [0x00000000d5580000,0x00000000d6780000,0x00000000d6780000)
  from space 1536K, 66% used [0x00000000d6900000,0x00000000d69ff3b8,0x00000000d6a80000)
  to   space 1536K, 0% used [0x00000000d6780000,0x00000000d6780000,0x00000000d6900000)
 ParOldGen       total 98816K, used 65563K [0x0000000080000000, 0x0000000086080000, 0x00000000d5580000)
  object space 98816K, 66% used [0x0000000080000000,0x0000000084006c78,0x0000000086080000)
 Metaspace       used 61629K, committed 63104K, reserved 1114112K
  class space    used 6582K, committed 7168K, reserved 1048576K
}
Event: 164.415 GC heap after
{Heap after GC invocations=72 (full 3):
 PSYoungGen      total 19456K, used 623K [0x00000000d5580000, 0x00000000d6980000, 0x0000000100000000)
  eden space 18432K, 0% used [0x00000000d5580000,0x00000000d5580000,0x00000000d6780000)
  from space 1024K, 60% used [0x00000000d6780000,0x00000000d681bd28,0x00000000d6880000)
  to   space 1024K, 0% used [0x00000000d6880000,0x00000000d6880000,0x00000000d6980000)
 ParOldGen       total 98816K, used 67970K [0x0000000080000000, 0x0000000086080000, 0x00000000d5580000)
  object space 98816K, 68% used [0x0000000080000000,0x0000000084260820,0x0000000086080000)
 Metaspace       used 61629K, committed 63104K, reserved 1114112K
  class space    used 6582K, committed 7168K, reserved 1048576K
}
Event: 164.539 GC heap before
{Heap before GC invocations=73 (full 3):
 PSYoungGen      total 19456K, used 19055K [0x00000000d5580000, 0x00000000d6980000, 0x0000000100000000)
  eden space 18432K, 100% used [0x00000000d5580000,0x00000000d6780000,0x00000000d6780000)
  from space 1024K, 60% used [0x00000000d6780000,0x00000000d681bd28,0x00000000d6880000)
  to   space 1024K, 0% used [0x00000000d6880000,0x00000000d6880000,0x00000000d6980000)
 ParOldGen       total 98816K, used 67970K [0x0000000080000000, 0x0000000086080000, 0x00000000d5580000)
  object space 98816K, 68% used [0x0000000080000000,0x0000000084260820,0x0000000086080000)
 Metaspace       used 61629K, committed 63104K, reserved 1114112K
  class space    used 6582K, committed 7168K, reserved 1048576K
}
Event: 164.542 GC heap after
{Heap after GC invocations=73 (full 3):
 PSYoungGen      total 19456K, used 416K [0x00000000d5580000, 0x00000000d6980000, 0x0000000100000000)
  eden space 18432K, 0% used [0x00000000d5580000,0x00000000d5580000,0x00000000d6780000)
  from space 1024K, 40% used [0x00000000d6880000,0x00000000d68e8000,0x00000000d6980000)
  to   space 1024K, 0% used [0x00000000d6780000,0x00000000d6780000,0x00000000d6880000)
 ParOldGen       total 98816K, used 68505K [0x0000000080000000, 0x0000000086080000, 0x00000000d5580000)
  object space 98816K, 69% used [0x0000000080000000,0x00000000842e64e0,0x0000000086080000)
 Metaspace       used 61629K, committed 63104K, reserved 1114112K
  class space    used 6582K, committed 7168K, reserved 1048576K
}
Event: 164.635 GC heap before
{Heap before GC invocations=74 (full 3):
 PSYoungGen      total 19456K, used 18848K [0x00000000d5580000, 0x00000000d6980000, 0x0000000100000000)
  eden space 18432K, 100% used [0x00000000d5580000,0x00000000d6780000,0x00000000d6780000)
  from space 1024K, 40% used [0x00000000d6880000,0x00000000d68e8000,0x00000000d6980000)
  to   space 1024K, 0% used [0x00000000d6780000,0x00000000d6780000,0x00000000d6880000)
 ParOldGen       total 98816K, used 68505K [0x0000000080000000, 0x0000000086080000, 0x00000000d5580000)
  object space 98816K, 69% used [0x0000000080000000,0x00000000842e64e0,0x0000000086080000)
 Metaspace       used 61629K, committed 63104K, reserved 1114112K
  class space    used 6582K, committed 7168K, reserved 1048576K
}
Event: 164.637 GC heap after
{Heap after GC invocations=74 (full 3):
 PSYoungGen      total 19456K, used 512K [0x00000000d5580000, 0x00000000d6980000, 0x0000000100000000)
  eden space 18432K, 0% used [0x00000000d5580000,0x00000000d5580000,0x00000000d6780000)
  from space 1024K, 50% used [0x00000000d6780000,0x00000000d6800000,0x00000000d6880000)
  to   space 1024K, 0% used [0x00000000d6880000,0x00000000d6880000,0x00000000d6980000)
 ParOldGen       total 98816K, used 68889K [0x0000000080000000, 0x0000000086080000, 0x00000000d5580000)
  object space 98816K, 69% used [0x0000000080000000,0x00000000843464e0,0x0000000086080000)
 Metaspace       used 61629K, committed 63104K, reserved 1114112K
  class space    used 6582K, committed 7168K, reserved 1048576K
}
Event: 164.782 GC heap before
{Heap before GC invocations=75 (full 3):
 PSYoungGen      total 19456K, used 18944K [0x00000000d5580000, 0x00000000d6980000, 0x0000000100000000)
  eden space 18432K, 100% used [0x00000000d5580000,0x00000000d6780000,0x00000000d6780000)
  from space 1024K, 50% used [0x00000000d6780000,0x00000000d6800000,0x00000000d6880000)
  to   space 1024K, 0% used [0x00000000d6880000,0x00000000d6880000,0x00000000d6980000)
 ParOldGen       total 98816K, used 68889K [0x0000000080000000, 0x0000000086080000, 0x00000000d5580000)
  object space 98816K, 69% used [0x0000000080000000,0x00000000843464e0,0x0000000086080000)
 Metaspace       used 61629K, committed 63104K, reserved 1114112K
  class space    used 6582K, committed 7168K, reserved 1048576K
}
Event: 164.787 GC heap after
{Heap after GC invocations=75 (full 3):
 PSYoungGen      total 18432K, used 994K [0x00000000d5580000, 0x00000000d6b80000, 0x0000000100000000)
  eden space 17408K, 0% used [0x00000000d5580000,0x00000000d5580000,0x00000000d6680000)
  from space 1024K, 97% used [0x00000000d6880000,0x00000000d6978800,0x00000000d6980000)
  to   space 2048K, 0% used [0x00000000d6680000,0x00000000d6680000,0x00000000d6880000)
 ParOldGen       total 98816K, used 69377K [0x0000000080000000, 0x0000000086080000, 0x00000000d5580000)
  object space 98816K, 70% used [0x0000000080000000,0x00000000843c04e0,0x0000000086080000)
 Metaspace       used 61629K, committed 63104K, reserved 1114112K
  class space    used 6582K, committed 7168K, reserved 1048576K
}
Event: 164.981 GC heap before
{Heap before GC invocations=76 (full 3):
 PSYoungGen      total 18432K, used 18402K [0x00000000d5580000, 0x00000000d6b80000, 0x0000000100000000)
  eden space 17408K, 100% used [0x00000000d5580000,0x00000000d6680000,0x00000000d6680000)
  from space 1024K, 97% used [0x00000000d6880000,0x00000000d6978800,0x00000000d6980000)
  to   space 2048K, 0% used [0x00000000d6680000,0x00000000d6680000,0x00000000d6880000)
 ParOldGen       total 98816K, used 69377K [0x0000000080000000, 0x0000000086080000, 0x00000000d5580000)
  object space 98816K, 70% used [0x0000000080000000,0x00000000843c04e0,0x0000000086080000)
 Metaspace       used 61631K, committed 63104K, reserved 1114112K
  class space    used 6582K, committed 7168K, reserved 1048576K
}
Event: 164.986 GC heap after
{Heap after GC invocations=76 (full 3):
 PSYoungGen      total 18432K, used 939K [0x00000000d5580000, 0x00000000d6980000, 0x0000000100000000)
  eden space 17408K, 0% used [0x00000000d5580000,0x00000000d5580000,0x00000000d6680000)
  from space 1024K, 91% used [0x00000000d6680000,0x00000000d676ac98,0x00000000d6780000)
  to   space 1536K, 0% used [0x00000000d6800000,0x00000000d6800000,0x00000000d6980000)
 ParOldGen       total 98816K, used 70159K [0x0000000080000000, 0x0000000086080000, 0x00000000d5580000)
  object space 98816K, 71% used [0x0000000080000000,0x0000000084483f60,0x0000000086080000)
 Metaspace       used 61631K, committed 63104K, reserved 1114112K
  class space    used 6582K, committed 7168K, reserved 1048576K
}
Event: 165.159 GC heap before
{Heap before GC invocations=77 (full 3):
 PSYoungGen      total 18432K, used 18347K [0x00000000d5580000, 0x00000000d6980000, 0x0000000100000000)
  eden space 17408K, 100% used [0x00000000d5580000,0x00000000d6680000,0x00000000d6680000)
  from space 1024K, 91% used [0x00000000d6680000,0x00000000d676ac98,0x00000000d6780000)
  to   space 1536K, 0% used [0x00000000d6800000,0x00000000d6800000,0x00000000d6980000)
 ParOldGen       total 98816K, used 70159K [0x0000000080000000, 0x0000000086080000, 0x00000000d5580000)
  object space 98816K, 71% used [0x0000000080000000,0x0000000084483f60,0x0000000086080000)
 Metaspace       used 61699K, committed 63168K, reserved 1114112K
  class space    used 6588K, committed 7168K, reserved 1048576K
}
Event: 165.169 GC heap after
{Heap after GC invocations=77 (full 3):
 PSYoungGen      total 17408K, used 1504K [0x00000000d5580000, 0x00000000d6c80000, 0x0000000100000000)
  eden space 15872K, 0% used [0x00000000d5580000,0x00000000d5580000,0x00000000d6500000)
  from space 1536K, 97% used [0x00000000d6800000,0x00000000d6978010,0x00000000d6980000)
  to   space 3072K, 0% used [0x00000000d6500000,0x00000000d6500000,0x00000000d6800000)
 ParOldGen       total 98816K, used 70993K [0x0000000080000000, 0x0000000086080000, 0x00000000d5580000)
  object space 98816K, 71% used [0x0000000080000000,0x0000000084554558,0x0000000086080000)
 Metaspace       used 61699K, committed 63168K, reserved 1114112K
  class space    used 6588K, committed 7168K, reserved 1048576K
}

Dll operation events (12 events):
Event: 0.032 Loaded shared library c:\Users\Wipro\.windsurf\extensions\redhat.java-1.50.0-win32-x64\jre\21.0.9-win32-x86_64\bin\java.dll
Event: 0.354 Loaded shared library c:\Users\Wipro\.windsurf\extensions\redhat.java-1.50.0-win32-x64\jre\21.0.9-win32-x86_64\bin\zip.dll
Event: 0.463 Loaded shared library C:\Users\Wipro\.windsurf\extensions\redhat.java-1.50.0-win32-x64\jre\21.0.9-win32-x86_64\bin\instrument.dll
Event: 0.479 Loaded shared library C:\Users\Wipro\.windsurf\extensions\redhat.java-1.50.0-win32-x64\jre\21.0.9-win32-x86_64\bin\net.dll
Event: 0.484 Loaded shared library C:\Users\Wipro\.windsurf\extensions\redhat.java-1.50.0-win32-x64\jre\21.0.9-win32-x86_64\bin\nio.dll
Event: 0.497 Loaded shared library C:\Users\Wipro\.windsurf\extensions\redhat.java-1.50.0-win32-x64\jre\21.0.9-win32-x86_64\bin\zip.dll
Event: 0.748 Loaded shared library C:\Users\Wipro\.windsurf\extensions\redhat.java-1.50.0-win32-x64\jre\21.0.9-win32-x86_64\bin\jimage.dll
Event: 0.989 Loaded shared library c:\Users\Wipro\.windsurf\extensions\redhat.java-1.50.0-win32-x64\jre\21.0.9-win32-x86_64\bin\verify.dll
Event: 5.003 Loaded shared library C:\Users\Wipro\AppData\Roaming\Windsurf\User\globalStorage\redhat.java\1.50.0\config_win\org.eclipse.equinox.launcher\org.eclipse.equinox.launcher.win32.win32.x86_64_1.2.1400.v20250801-0854\eclipse_11916.dll
Event: 9.850 Loaded shared library C:\Users\Wipro\AppData\Local\Temp\jna-83585659\jna12625521133271534281.dll
Event: 17.144 Loaded shared library C:\Users\Wipro\.windsurf\extensions\redhat.java-1.50.0-win32-x64\jre\21.0.9-win32-x86_64\bin\management.dll
Event: 17.159 Loaded shared library C:\Users\Wipro\.windsurf\extensions\redhat.java-1.50.0-win32-x64\jre\21.0.9-win32-x86_64\bin\management_ext.dll

Deoptimization events (20 events):
Event: 165.467 Thread 0x000001ac1cdc2aa0 Uncommon trap: trap_request=0xffffff45 fr.pc=0x000001abc8b5e2f0 relative=0x0000000000000230
Event: 165.467 Thread 0x000001ac1cdc2aa0 Uncommon trap: reason=unstable_if action=reinterpret pc=0x000001abc8b5e2f0 method=java.util.Arrays.hashCode([C)I @ 8 c2
Event: 165.467 Thread 0x000001ac1cdc2aa0 DEOPT PACKING pc=0x000001abc8b5e2f0 sp=0x000000153cdfde40
Event: 165.467 Thread 0x000001ac1cdc2aa0 DEOPT UNPACKING pc=0x000001abc84b3aa2 sp=0x000000153cdfdde0 mode 2
Event: 165.701 Thread 0x000001ac1cdc2aa0 Uncommon trap: trap_request=0xffffff6e fr.pc=0x000001abc8d8ca38 relative=0x00000000000003f8
Event: 165.702 Thread 0x000001ac1cdc2aa0 Uncommon trap: reason=loop_limit_check action=maybe_recompile pc=0x000001abc8d8ca38 method=org.eclipse.jdt.internal.compiler.classfmt.ClassFileStruct.utf8At(II)[C @ 143 c2
Event: 165.702 Thread 0x000001ac1cdc2aa0 DEOPT PACKING pc=0x000001abc8d8ca38 sp=0x000000153cdfd390
Event: 165.702 Thread 0x000001ac1cdc2aa0 DEOPT UNPACKING pc=0x000001abc84b3aa2 sp=0x000000153cdfd328 mode 2
Event: 165.850 Thread 0x000001ac1cdc2aa0 Uncommon trap: trap_request=0xffffff76 fr.pc=0x000001abc8cc3ab8 relative=0x0000000000000478
Event: 165.850 Thread 0x000001ac1cdc2aa0 Uncommon trap: reason=predicate action=maybe_recompile pc=0x000001abc8cc3ab8 method=java.util.TimSort.binarySort([Ljava/lang/Object;IIILjava/util/Comparator;)V @ 34 c2
Event: 165.850 Thread 0x000001ac1cdc2aa0 DEOPT PACKING pc=0x000001abc8cc3ab8 sp=0x000000153cdfdb50
Event: 165.850 Thread 0x000001ac1cdc2aa0 DEOPT UNPACKING pc=0x000001abc84b3aa2 sp=0x000000153cdfdaf0 mode 2
Event: 165.854 Thread 0x000001ac1cdc2aa0 Uncommon trap: trap_request=0xffffff45 fr.pc=0x000001abc9037994 relative=0x0000000000000834
Event: 165.855 Thread 0x000001ac1cdc2aa0 Uncommon trap: reason=unstable_if action=reinterpret pc=0x000001abc9037994 method=org.eclipse.jdt.internal.compiler.util.CharDeduplication.sharedCopyOfRange([CII)[C @ 7 c2
Event: 165.855 Thread 0x000001ac1cdc2aa0 DEOPT PACKING pc=0x000001abc9037994 sp=0x000000153cdfd450
Event: 165.855 Thread 0x000001ac1cdc2aa0 DEOPT UNPACKING pc=0x000001abc84b3aa2 sp=0x000000153cdfd3e8 mode 2
Event: 166.107 Thread 0x000001ac1cdc2aa0 Uncommon trap: trap_request=0xfffffff4 fr.pc=0x000001abc909e5c8 relative=0x00000000000025a8
Event: 166.107 Thread 0x000001ac1cdc2aa0 Uncommon trap: reason=null_check action=make_not_entrant pc=0x000001abc909e5c8 method=org.eclipse.jdt.internal.core.JavaModelCache.getInfo(Lorg/eclipse/jdt/core/IJavaElement;)Lorg/eclipse/jdt/internal/compiler/env/IElementInfo; @ 152 c2
Event: 166.107 Thread 0x000001ac1cdc2aa0 DEOPT PACKING pc=0x000001abc909e5c8 sp=0x000000153cdfdbd0
Event: 166.107 Thread 0x000001ac1cdc2aa0 DEOPT UNPACKING pc=0x000001abc84b3aa2 sp=0x000000153cdfdb40 mode 2

Classes loaded (20 events):
Event: 38.177 Loading class java/util/regex/Pattern$Caret
Event: 38.178 Loading class java/util/regex/Pattern$Caret done
Event: 38.934 Loading class java/util/Hashtable$ValueCollection
Event: 38.935 Loading class java/util/Hashtable$ValueCollection done
Event: 39.070 Loading class java/util/stream/ReferencePipeline$4
Event: 39.074 Loading class java/util/stream/ReferencePipeline$4 done
Event: 39.076 Loading class java/util/stream/Nodes$IntFixedNodeBuilder
Event: 39.078 Loading class java/util/stream/Node$Builder$OfInt
Event: 39.083 Loading class java/util/stream/Node$Builder$OfInt done
Event: 39.083 Loading class java/util/stream/Nodes$IntArrayNode
Event: 39.083 Loading class java/util/stream/Nodes$IntArrayNode done
Event: 39.083 Loading class java/util/stream/Nodes$IntFixedNodeBuilder done
Event: 39.083 Loading class java/util/stream/ReferencePipeline$4$1
Event: 39.084 Loading class java/util/stream/ReferencePipeline$4$1 done
Event: 165.629 Loading class java/util/stream/ReduceOps$4
Event: 165.631 Loading class java/util/stream/ReduceOps$4 done
Event: 165.632 Loading class java/util/stream/ReduceOps$4ReducingSink
Event: 165.632 Loading class java/util/stream/ReduceOps$4ReducingSink done
Event: 165.640 Loading class java/nio/file/Files$2
Event: 165.643 Loading class java/nio/file/Files$2 done

Classes unloaded (11 events):
Event: 13.195 Thread 0x000001abd4782b50 Unloading class 0x000001abd61a2800 'java/lang/invoke/LambdaForm$MH+0x000001abd61a2800'
Event: 13.195 Thread 0x000001abd4782b50 Unloading class 0x000001abd61a2400 'java/lang/invoke/LambdaForm$MH+0x000001abd61a2400'
Event: 13.195 Thread 0x000001abd4782b50 Unloading class 0x000001abd61a2000 'java/lang/invoke/LambdaForm$MH+0x000001abd61a2000'
Event: 13.195 Thread 0x000001abd4782b50 Unloading class 0x000001abd61a1c00 'java/lang/invoke/LambdaForm$MH+0x000001abd61a1c00'
Event: 13.195 Thread 0x000001abd4782b50 Unloading class 0x000001abd61a1800 'java/lang/invoke/LambdaForm$BMH+0x000001abd61a1800'
Event: 13.195 Thread 0x000001abd4782b50 Unloading class 0x000001abd61a1400 'java/lang/invoke/LambdaForm$DMH+0x000001abd61a1400'
Event: 13.195 Thread 0x000001abd4782b50 Unloading class 0x000001abd61a0000 'java/lang/invoke/LambdaForm$DMH+0x000001abd61a0000'
Event: 37.769 Thread 0x000001abd4782b50 Unloading class 0x000001abd6605400 'java/lang/invoke/LambdaForm$DMH+0x000001abd6605400'
Event: 37.769 Thread 0x000001abd4782b50 Unloading class 0x000001abd6605000 'java/lang/invoke/LambdaForm$DMH+0x000001abd6605000'
Event: 37.769 Thread 0x000001abd4782b50 Unloading class 0x000001abd6604800 'java/lang/invoke/LambdaForm$DMH+0x000001abd6604800'
Event: 37.769 Thread 0x000001abd4782b50 Unloading class 0x000001abd6604400 'java/lang/invoke/LambdaForm$DMH+0x000001abd6604400'

Classes redefined (0 events):
No events

Internal exceptions (20 events):
Event: 32.109 Thread 0x000001ac1cf24a10 Implicit null exception at 0x000001abc8d58c29 to 0x000001abc8d59234
Event: 32.695 Thread 0x000001ac1cf24a10 Implicit null exception at 0x000001abc8efdc89 to 0x000001abc8efdda0
Event: 33.913 Thread 0x000001ac1cf24a10 Implicit null exception at 0x000001abc8ec6d49 to 0x000001abc8ec79f0
Event: 34.578 Thread 0x000001ac1cf23660 Exception <a 'java/io/FileNotFoundException'{0x00000000d6535900}> (0x00000000d6535900) 
thrown [s\src\hotspot\share\prims\jni.cpp, line 520]
Event: 34.579 Thread 0x000001ac1cf23660 Exception <a 'java/io/FileNotFoundException'{0x00000000d6536f38}> (0x00000000d6536f38) 
thrown [s\src\hotspot\share\prims\jni.cpp, line 520]
Event: 34.579 Thread 0x000001ac1cf23660 Exception <a 'java/io/FileNotFoundException'{0x00000000d6537f60}> (0x00000000d6537f60) 
thrown [s\src\hotspot\share\prims\jni.cpp, line 520]
Event: 34.702 Thread 0x000001ac1cf24a10 Exception <a 'java/lang/NoSuchMethodError'{0x00000000d5722318}: 'java.lang.Object java.lang.invoke.DirectMethodHandle$Holder.invokeSpecial(java.lang.Object, java.lang.Object, int, long)'> (0x00000000d5722318) 
thrown [s\src\hotspot\share\interpreter\linkResolver.cpp, line 773]
Event: 35.534 Thread 0x000001ac1cf23660 Exception <a 'java/lang/NoSuchMethodError'{0x00000000d65d3aa0}: 'java.lang.Object java.lang.invoke.DirectMethodHandle$Holder.newInvokeSpecial(java.lang.Object, java.lang.Object, int, java.lang.Object, java.lang.Object)'> (0x00000000d65d3aa0) 
thrown [s\src\hotspot\share\interpreter\linkResolver.cpp, line 773]
Event: 35.543 Thread 0x000001ac1cf23660 Exception <a 'java/lang/NoSuchMethodError'{0x00000000d65f56d8}: 'java.lang.Object java.lang.invoke.DirectMethodHandle$Holder.invokeStatic(java.lang.Object, java.lang.Object, int, java.lang.Object, java.lang.Object)'> (0x00000000d65f56d8) 
thrown [s\src\hotspot\share\interpreter\linkResolver.cpp, line 773]
Event: 35.544 Thread 0x000001ac1cf23660 Exception <a 'java/lang/NoSuchMethodError'{0x00000000d65fbfa8}: 'java.lang.Object java.lang.invoke.DirectMethodHandle$Holder.newInvokeSpecial(java.lang.Object, java.lang.Object, int)'> (0x00000000d65fbfa8) 
thrown [s\src\hotspot\share\interpreter\linkResolver.cpp, line 773]
Event: 35.581 Thread 0x000001ac1cf23660 Exception <a 'java/lang/NoSuchMethodError'{0x00000000d667bfd8}: 'void java.lang.invoke.DirectMethodHandle$Holder.invokeStatic(java.lang.Object, int)'> (0x00000000d667bfd8) 
thrown [s\src\hotspot\share\interpreter\linkResolver.cpp, line 773]
Event: 35.890 Thread 0x000001ac1cf23660 Exception <a 'java/io/FileNotFoundException'{0x00000000d5918308}> (0x00000000d5918308) 
thrown [s\src\hotspot\share\prims\jni.cpp, line 520]
Event: 35.890 Thread 0x000001ac1cf23660 Exception <a 'java/io/FileNotFoundException'{0x00000000d59195c0}> (0x00000000d59195c0) 
thrown [s\src\hotspot\share\prims\jni.cpp, line 520]
Event: 35.891 Thread 0x000001ac1cf23660 Exception <a 'java/io/FileNotFoundException'{0x00000000d591a5c0}> (0x00000000d591a5c0) 
thrown [s\src\hotspot\share\prims\jni.cpp, line 520]
Event: 36.081 Thread 0x000001ac1cf23660 Implicit null exception at 0x000001abc8ce5a88 to 0x000001abc8ce6938
Event: 36.717 Thread 0x000001ac1cf24a10 Exception <a 'java/lang/NoSuchMethodError'{0x00000000d57a1ed8}: 'java.lang.Object java.lang.invoke.Invokers$Holder.linkToTargetMethod(java.lang.Object, java.lang.Object, java.lang.Object, int, java.lang.Object, java.lang.Object, java.lang.Object)'> (0x00000000d57a1ed8) 
thrown [s\src\hotspot\share\interpreter\linkResolver.cpp, line 773]
Event: 38.972 Thread 0x000001ac1cf24a10 Exception <a 'java/lang/NoSuchMethodError'{0x00000000d62a9ef0}: 'java.lang.Object java.lang.invoke.DirectMethodHandle$Holder.invokeStatic(java.lang.Object, java.lang.Object, int, java.lang.Object)'> (0x00000000d62a9ef0) 
thrown [s\src\hotspot\share\interpreter\linkResolver.cpp, line 773]
Event: 161.860 Thread 0x000001ac1cdc2aa0 Exception <a 'java/lang/IncompatibleClassChangeError'{0x00000000d6841218}: Found class java.lang.Object, but interface was expected> (0x00000000d6841218) 
thrown [s\src\hotspot\share\interpreter\linkResolver.cpp, line 840]
Event: 165.660 Thread 0x000001ac1cdc2aa0 Exception <a 'java/lang/NoSuchMethodError'{0x00000000d5b77120}: 'int java.lang.invoke.DirectMethodHandle$Holder.invokeSpecialIFC(java.lang.Object, java.lang.Object, java.lang.Object)'> (0x00000000d5b77120) 
thrown [s\src\hotspot\share\interpreter\linkResolver.cpp, line 773]
Event: 166.107 Thread 0x000001ac1cdc2aa0 Implicit null exception at 0x000001abc909d72f to 0x000001abc909e5b8

ZGC Phase Switch (0 events):
No events

VM Operations (20 events):
Event: 164.394 Executing VM operation: ParallelGCFailedAllocation (Allocation Failure)
Event: 164.416 Executing VM operation: ParallelGCFailedAllocation (Allocation Failure) done
Event: 164.539 Executing VM operation: ParallelGCFailedAllocation (Allocation Failure)
Event: 164.542 Executing VM operation: ParallelGCFailedAllocation (Allocation Failure) done
Event: 164.635 Executing VM operation: ParallelGCFailedAllocation (Allocation Failure)
Event: 164.637 Executing VM operation: ParallelGCFailedAllocation (Allocation Failure) done
Event: 164.755 Executing VM operation: ParallelGCFailedAllocation (Allocation Failure)
Event: 164.787 Executing VM operation: ParallelGCFailedAllocation (Allocation Failure) done
Event: 164.981 Executing VM operation: ParallelGCFailedAllocation (Allocation Failure)
Event: 164.986 Executing VM operation: ParallelGCFailedAllocation (Allocation Failure) done
Event: 165.159 Executing VM operation: ParallelGCFailedAllocation (Allocation Failure)
Event: 165.169 Executing VM operation: ParallelGCFailedAllocation (Allocation Failure) done
Event: 165.247 Executing VM operation: HandshakeAllThreads (Deoptimize)
Event: 165.249 Executing VM operation: HandshakeAllThreads (Deoptimize) done
Event: 165.279 Executing VM operation: HandshakeAllThreads (Deoptimize)
Event: 165.279 Executing VM operation: HandshakeAllThreads (Deoptimize) done
Event: 165.946 Executing VM operation: HandshakeAllThreads (Deoptimize)
Event: 165.947 Executing VM operation: HandshakeAllThreads (Deoptimize) done
Event: 166.947 Executing VM operation: Cleanup
Event: 166.947 Executing VM operation: Cleanup done

Memory protections (0 events):
No events

Nmethod flushes (20 events):
Event: 37.820 Thread 0x000001abd4782b50 flushing  nmethod 0x000001abc183af10
Event: 37.820 Thread 0x000001abd4782b50 flushing  nmethod 0x000001abc1850090
Event: 37.820 Thread 0x000001abd4782b50 flushing  nmethod 0x000001abc1850410
Event: 37.820 Thread 0x000001abd4782b50 flushing  nmethod 0x000001abc1850790
Event: 37.820 Thread 0x000001abd4782b50 flushing  nmethod 0x000001abc1851990
Event: 37.820 Thread 0x000001abd4782b50 flushing  nmethod 0x000001abc1854490
Event: 37.820 Thread 0x000001abd4782b50 flushing  nmethod 0x000001abc1855410
Event: 37.820 Thread 0x000001abd4782b50 flushing  nmethod 0x000001abc1856510
Event: 37.820 Thread 0x000001abd4782b50 flushing  nmethod 0x000001abc1859410
Event: 37.820 Thread 0x000001abd4782b50 flushing  nmethod 0x000001abc186b990
Event: 37.820 Thread 0x000001abd4782b50 flushing  nmethod 0x000001abc1871c90
Event: 37.820 Thread 0x000001abd4782b50 flushing  nmethod 0x000001abc18a4710
Event: 37.820 Thread 0x000001abd4782b50 flushing  nmethod 0x000001abc18d0310
Event: 37.820 Thread 0x000001abd4782b50 flushing  nmethod 0x000001abc18d0910
Event: 37.820 Thread 0x000001abd4782b50 flushing  nmethod 0x000001abc18d1190
Event: 37.820 Thread 0x000001abd4782b50 flushing  nmethod 0x000001abc18d2810
Event: 37.820 Thread 0x000001abd4782b50 flushing  nmethod 0x000001abc18d2b90
Event: 37.820 Thread 0x000001abd4782b50 flushing  nmethod 0x000001abc18d3790
Event: 37.820 Thread 0x000001abd4782b50 flushing  nmethod 0x000001abc18e3710
Event: 37.820 Thread 0x000001abd4782b50 flushing  nmethod 0x000001abc18ef610

Events (20 events):
Event: 36.037 Thread 0x000001ac1cdc2410 Thread exited: 0x000001ac1cdc2410
Event: 36.039 Thread 0x000001ac1cdc5f20 Thread exited: 0x000001ac1cdc5f20
Event: 36.039 Thread 0x000001ac1cdc16f0 Thread exited: 0x000001ac1cdc16f0
Event: 37.133 Thread 0x000001ac1dc6cf80 Thread exited: 0x000001ac1dc6cf80
Event: 37.262 Thread 0x000001ac1dc6c1e0 Thread exited: 0x000001ac1dc6c1e0
Event: 38.418 Thread 0x000001ac17133450 Thread added: 0x000001ac1dc6d650
Event: 38.519 Thread 0x000001ac17133450 Thread added: 0x000001ac1dc6cf80
Event: 44.436 Thread 0x000001ac1dc6cf80 Thread exited: 0x000001ac1dc6cf80
Event: 44.622 Thread 0x000001ac1dc6d650 Thread exited: 0x000001ac1dc6d650
Event: 91.889 Thread 0x000001ac1cf23cf0 Thread exited: 0x000001ac1cf23cf0
Event: 94.467 Thread 0x000001ac1cf24380 Thread exited: 0x000001ac1cf24380
Event: 94.481 Thread 0x000001ac1cdc37c0 Thread exited: 0x000001ac1cdc37c0
Event: 96.679 Thread 0x000001ac1cf23660 Thread exited: 0x000001ac1cf23660
Event: 154.500 Thread 0x000001ac1cdc3130 Thread exited: 0x000001ac1cdc3130
Event: 163.882 Thread 0x000001ac17133450 Thread added: 0x000001ac1f26f000
Event: 164.160 Thread 0x000001ac1f26f000 Thread exited: 0x000001ac1f26f000
Event: 164.863 Thread 0x000001abd47a98b0 Thread added: 0x000001ac1f26db90
Event: 164.978 Thread 0x000001ac1f26db90 Thread exited: 0x000001ac1f26db90
Event: 165.815 Thread 0x000001ac17133450 Thread added: 0x000001ac1f26d4c0
Event: 171.283 Thread 0x000001ac1f26d4c0 Thread exited: 0x000001ac1f26d4c0


Dynamic libraries:
0x00007ff627fe0000 - 0x00007ff627fee000 	c:\Users\Wipro\.windsurf\extensions\redhat.java-1.50.0-win32-x64\jre\21.0.9-win32-x86_64\bin\java.exe
0x00007fff2e780000 - 0x00007fff2e9e8000 	C:\WINDOWS\SYSTEM32\ntdll.dll
0x00007fff2cdc0000 - 0x00007fff2ce89000 	C:\WINDOWS\System32\KERNEL32.DLL
0x00007fff2bcf0000 - 0x00007fff2c0e8000 	C:\WINDOWS\System32\KERNELBASE.dll
0x00007fff2c310000 - 0x00007fff2c45b000 	C:\WINDOWS\System32\ucrtbase.dll
0x00007fff00620000 - 0x00007fff0063e000 	c:\Users\Wipro\.windsurf\extensions\redhat.java-1.50.0-win32-x64\jre\21.0.9-win32-x86_64\bin\VCRUNTIME140.dll
0x00007fff048f0000 - 0x00007fff04908000 	c:\Users\Wipro\.windsurf\extensions\redhat.java-1.50.0-win32-x64\jre\21.0.9-win32-x86_64\bin\jli.dll
0x00007fff2ce90000 - 0x00007fff2d057000 	C:\WINDOWS\System32\USER32.dll
0x00007fff2b8d0000 - 0x00007fff2b8f7000 	C:\WINDOWS\System32\win32u.dll
0x00007fff0d920000 - 0x00007fff0dbb4000 	C:\WINDOWS\WinSxS\amd64_microsoft.windows.common-controls_6595b64144ccf1df_6.0.26100.7019_none_3e06ffa0e335b8a8\COMCTL32.dll
0x00007fff2c520000 - 0x00007fff2c54b000 	C:\WINDOWS\System32\GDI32.dll
0x00007fff2d2d0000 - 0x00007fff2d379000 	C:\WINDOWS\System32\msvcrt.dll
0x00007fff2ba80000 - 0x00007fff2bbac000 	C:\WINDOWS\System32\gdi32full.dll
0x00007fff2bbb0000 - 0x00007fff2bc53000 	C:\WINDOWS\System32\msvcp_win.dll
0x00007fff2d9b0000 - 0x00007fff2d9e1000 	C:\WINDOWS\System32\IMM32.DLL
0x00007fff24a70000 - 0x00007fff24a7c000 	c:\Users\Wipro\.windsurf\extensions\redhat.java-1.50.0-win32-x64\jre\21.0.9-win32-x86_64\bin\vcruntime140_1.dll
0x00007ffeed870000 - 0x00007ffeed8fd000 	c:\Users\Wipro\.windsurf\extensions\redhat.java-1.50.0-win32-x64\jre\21.0.9-win32-x86_64\bin\msvcp140.dll
0x00007ffe6a760000 - 0x00007ffe6b500000 	c:\Users\Wipro\.windsurf\extensions\redhat.java-1.50.0-win32-x64\jre\21.0.9-win32-x86_64\bin\server\jvm.dll
0x00007fff2d8f0000 - 0x00007fff2d9a4000 	C:\WINDOWS\System32\ADVAPI32.dll
0x00007fff2c5b0000 - 0x00007fff2c656000 	C:\WINDOWS\System32\sechost.dll
0x00007fff2d9f0000 - 0x00007fff2db08000 	C:\WINDOWS\System32\RPCRT4.dll
0x00007fff2dd00000 - 0x00007fff2dd74000 	C:\WINDOWS\System32\WS2_32.dll
0x00007fff2b750000 - 0x00007fff2b7ae000 	C:\WINDOWS\SYSTEM32\POWRPROF.dll
0x00007fff0df80000 - 0x00007fff0dfb5000 	C:\WINDOWS\SYSTEM32\WINMM.dll
0x00007fff1d2b0000 - 0x00007fff1d2bb000 	C:\WINDOWS\SYSTEM32\VERSION.dll
0x00007fff2b730000 - 0x00007fff2b744000 	C:\WINDOWS\SYSTEM32\UMPDC.dll
0x00007fff2a650000 - 0x00007fff2a66b000 	C:\WINDOWS\SYSTEM32\kernel.appcore.dll
0x00007fff1e660000 - 0x00007fff1e66a000 	c:\Users\Wipro\.windsurf\extensions\redhat.java-1.50.0-win32-x64\jre\21.0.9-win32-x86_64\bin\jimage.dll
0x00007fff291a0000 - 0x00007fff293e2000 	C:\WINDOWS\SYSTEM32\DBGHELP.DLL
0x00007fff2d440000 - 0x00007fff2d7cb000 	C:\WINDOWS\System32\combase.dll
0x00007fff2dbd0000 - 0x00007fff2dca7000 	C:\WINDOWS\System32\OLEAUT32.dll
0x00007fff0d790000 - 0x00007fff0d7cc000 	C:\WINDOWS\SYSTEM32\dbgcore.DLL
0x00007fff2c0f0000 - 0x00007fff2c195000 	C:\WINDOWS\System32\bcryptPrimitives.dll
0x00007fff04300000 - 0x00007fff0430f000 	c:\Users\Wipro\.windsurf\extensions\redhat.java-1.50.0-win32-x64\jre\21.0.9-win32-x86_64\bin\instrument.dll
0x00007ffeed850000 - 0x00007ffeed870000 	c:\Users\Wipro\.windsurf\extensions\redhat.java-1.50.0-win32-x64\jre\21.0.9-win32-x86_64\bin\java.dll
0x00007fff2c660000 - 0x00007fff2cdaf000 	C:\WINDOWS\System32\SHELL32.dll
0x00007fff2c1a0000 - 0x00007fff2c30b000 	C:\WINDOWS\System32\wintypes.dll
0x00007fff294d0000 - 0x00007fff29d2d000 	C:\WINDOWS\SYSTEM32\windows.storage.dll
0x00007fff2d7f0000 - 0x00007fff2d8e2000 	C:\WINDOWS\System32\SHCORE.dll
0x00007fff2df30000 - 0x00007fff2df97000 	C:\WINDOWS\System32\shlwapi.dll
0x00007fff2b7c0000 - 0x00007fff2b7e9000 	C:\WINDOWS\SYSTEM32\profapi.dll
0x00007ffed96d0000 - 0x00007ffed96e8000 	c:\Users\Wipro\.windsurf\extensions\redhat.java-1.50.0-win32-x64\jre\21.0.9-win32-x86_64\bin\zip.dll
0x00007fff03790000 - 0x00007fff037a0000 	C:\Users\Wipro\.windsurf\extensions\redhat.java-1.50.0-win32-x64\jre\21.0.9-win32-x86_64\bin\net.dll
0x00007fff1fd00000 - 0x00007fff1fe28000 	C:\WINDOWS\SYSTEM32\WINHTTP.dll
0x00007fff2aba0000 - 0x00007fff2ac0b000 	C:\WINDOWS\system32\mswsock.dll
0x00007ffed32f0000 - 0x00007ffed3306000 	C:\Users\Wipro\.windsurf\extensions\redhat.java-1.50.0-win32-x64\jre\21.0.9-win32-x86_64\bin\nio.dll
0x00007fff00a80000 - 0x00007fff00a90000 	c:\Users\Wipro\.windsurf\extensions\redhat.java-1.50.0-win32-x64\jre\21.0.9-win32-x86_64\bin\verify.dll
0x00007ffef5a40000 - 0x00007ffef5a84000 	C:\Users\Wipro\AppData\Roaming\Windsurf\User\globalStorage\redhat.java\1.50.0\config_win\org.eclipse.equinox.launcher\org.eclipse.equinox.launcher.win32.win32.x86_64_1.2.1400.v20250801-0854\eclipse_11916.dll
0x00007fff2dd80000 - 0x00007fff2df17000 	C:\WINDOWS\System32\ole32.dll
0x00007fff2af90000 - 0x00007fff2afab000 	C:\WINDOWS\SYSTEM32\CRYPTSP.dll
0x00007fff2a5b0000 - 0x00007fff2a5ea000 	C:\WINDOWS\system32\rsaenh.dll
0x00007fff2ac50000 - 0x00007fff2ac7b000 	C:\WINDOWS\SYSTEM32\USERENV.dll
0x00007fff2b7f0000 - 0x00007fff2b81a000 	C:\WINDOWS\SYSTEM32\bcrypt.dll
0x00007fff2adf0000 - 0x00007fff2adfc000 	C:\WINDOWS\SYSTEM32\CRYPTBASE.dll
0x00007fff2a040000 - 0x00007fff2a074000 	C:\WINDOWS\SYSTEM32\IPHLPAPI.DLL
0x00007fff2d3b0000 - 0x00007fff2d3ba000 	C:\WINDOWS\System32\NSI.dll
0x00007ffef21b0000 - 0x00007ffef21f9000 	C:\Users\Wipro\AppData\Local\Temp\jna-83585659\jna12625521133271534281.dll
0x00007fff2e730000 - 0x00007fff2e738000 	C:\WINDOWS\System32\PSAPI.DLL
0x00007fff008f0000 - 0x00007fff008fa000 	C:\Users\Wipro\.windsurf\extensions\redhat.java-1.50.0-win32-x64\jre\21.0.9-win32-x86_64\bin\management.dll
0x00007fff008e0000 - 0x00007fff008ec000 	C:\Users\Wipro\.windsurf\extensions\redhat.java-1.50.0-win32-x64\jre\21.0.9-win32-x86_64\bin\management_ext.dll
0x00007fff1fcd0000 - 0x00007fff1fcee000 	C:\WINDOWS\SYSTEM32\dhcpcsvc6.DLL
0x00007fff1fc50000 - 0x00007fff1fc73000 	C:\WINDOWS\SYSTEM32\dhcpcsvc.DLL

JVMTI agents:
c:\Users\Wipro\.windsurf\extensions\redhat.java-1.50.0-win32-x64\lombok\lombok-1.18.39-4050.jar path:c:\Users\Wipro\.windsurf\extensions\redhat.java-1.50.0-win32-x64\jre\21.0.9-win32-x86_64\bin\instrument.dll, loaded, initialized, instrumentlib options:none

dbghelp: loaded successfully - version: 4.0.5 - missing functions: none
symbol engine: initialized successfully - sym options: 0x614 - pdb path: .;c:\Users\Wipro\.windsurf\extensions\redhat.java-1.50.0-win32-x64\jre\21.0.9-win32-x86_64\bin;C:\WINDOWS\SYSTEM32;C:\WINDOWS\WinSxS\amd64_microsoft.windows.common-controls_6595b64144ccf1df_6.0.26100.7019_none_3e06ffa0e335b8a8;c:\Users\Wipro\.windsurf\extensions\redhat.java-1.50.0-win32-x64\jre\21.0.9-win32-x86_64\bin\server;C:\Users\Wipro\AppData\Roaming\Windsurf\User\globalStorage\redhat.java\1.50.0\config_win\org.eclipse.equinox.launcher\org.eclipse.equinox.launcher.win32.win32.x86_64_1.2.1400.v20250801-0854;C:\Users\Wipro\AppData\Local\Temp\jna-83585659

VM Arguments:
jvm_args: --add-modules=ALL-SYSTEM --add-opens=java.base/java.util=ALL-UNNAMED --add-opens=java.base/java.lang=ALL-UNNAMED --add-opens=java.base/sun.nio.fs=ALL-UNNAMED -Declipse.application=org.eclipse.jdt.ls.core.id1 -Dosgi.bundles.defaultStartLevel=4 -Declipse.product=org.eclipse.jdt.ls.core.product -Djava.import.generatesMetadataFilesAtProjectRoot=false -DDetectVMInstallationsJob.disabled=true -Dfile.encoding=utf8 -XX:+UseParallelGC -XX:GCTimeRatio=4 -XX:AdaptiveSizePolicyWeight=90 -Dsun.zip.disableMemoryMapping=true -Xmx2G -Xms100m -Xlog:disable -javaagent:c:\Users\Wipro\.windsurf\extensions\redhat.java-1.50.0-win32-x64\lombok\lombok-1.18.39-4050.jar -XX:+HeapDumpOnOutOfMemoryError -XX:HeapDumpPath=c:\Users\Wipro\AppData\Roaming\Windsurf\User\workspaceStorage\5ad08d04c02ac3e337a70397266f9eba\redhat.java -Daether.dependencyCollector.impl=bf 
java_command: c:\Users\Wipro\.windsurf\extensions\redhat.java-1.50.0-win32-x64\server\plugins\org.eclipse.equinox.launcher_1.7.100.v20251111-0406.jar -configuration c:\Users\Wipro\AppData\Roaming\Windsurf\User\globalStorage\redhat.java\1.50.0\config_win -data c:\Users\Wipro\AppData\Roaming\Windsurf\User\workspaceStorage\5ad08d04c02ac3e337a70397266f9eba\redhat.java\jdt_ws --pipe=\\.\pipe\lsp-b345e4f8e440e0749723705c5d899b41-sock
java_class_path (initial): c:\Users\Wipro\.windsurf\extensions\redhat.java-1.50.0-win32-x64\server\plugins\org.eclipse.equinox.launcher_1.7.100.v20251111-0406.jar
Launcher Type: SUN_STANDARD

[Global flags]
    uintx AdaptiveSizePolicyWeight                 = 90                                        {product} {command line}
     intx CICompilerCount                          = 4                                         {product} {ergonomic}
    uintx GCTimeRatio                              = 4                                         {product} {command line}
     bool HeapDumpOnOutOfMemoryError               = true                                   {manageable} {command line}
    ccstr HeapDumpPath                             = c:\Users\Wipro\AppData\Roaming\Windsurf\User\workspaceStorage\5ad08d04c02ac3e337a70397266f9eba\redhat.java         {manageable} {command line}
   size_t InitialHeapSize                          = 104857600                                 {product} {command line}
   size_t MaxHeapSize                              = 2147483648                                {product} {command line}
   size_t MaxNewSize                               = 715653120                                 {product} {ergonomic}
   size_t MinHeapDeltaBytes                        = 524288                                    {product} {ergonomic}
   size_t MinHeapSize                              = 104857600                                 {product} {command line}
   size_t NewSize                                  = 34603008                                  {product} {ergonomic}
    uintx NonNMethodCodeHeapSize                   = 5839372                                {pd product} {ergonomic}
    uintx NonProfiledCodeHeapSize                  = 122909434                              {pd product} {ergonomic}
   size_t OldSize                                  = 70254592                                  {product} {ergonomic}
    uintx ProfiledCodeHeapSize                     = 122909434                              {pd product} {ergonomic}
    uintx ReservedCodeCacheSize                    = 251658240                              {pd product} {ergonomic}
     bool SegmentedCodeCache                       = true                                      {product} {ergonomic}
   size_t SoftMaxHeapSize                          = 2147483648                             {manageable} {ergonomic}
     bool UseCompressedOops                        = true                           {product lp64_product} {ergonomic}
     bool UseLargePagesIndividualAllocation        = false                                  {pd product} {ergonomic}
     bool UseParallelGC                            = true                                      {product} {command line}

Logging:
Log output configuration:
 #0: stdout all=off uptime,level,tags foldmultilines=false
 #1: stderr all=off uptime,level,tags foldmultilines=false

Release file:
JAVA_VERSION="21.0.9" 
MODULES="java.base java.compiler java.datatransfer java.xml java.prefs java.desktop java.instrument java.logging java.management java.security.sasl java.naming java.rmi java.management.rmi java.net.http java.scripting java.security.jgss java.transaction.xa java.sql java.sql.rowset java.xml.crypto java.se java.smartcardio jdk.accessibility jdk.internal.jvmstat jdk.attach jdk.charsets jdk.internal.opt jdk.zipfs jdk.compiler jdk.crypto.ec jdk.crypto.cryptoki jdk.crypto.mscapi jdk.dynalink jdk.internal.ed jdk.editpad jdk.hotspot.agent jdk.httpserver jdk.internal.le jdk.internal.vm.ci jdk.internal.vm.compiler jdk.internal.vm.compiler.management jdk.jartool jdk.javadoc jdk.jcmd jdk.management jdk.management.agent jdk.jconsole jdk.jdeps jdk.jdwp.agent jdk.jdi jdk.jfr jdk.jshell jdk.jsobject jdk.jstatd jdk.localedata jdk.management.jfr jdk.naming.dns jdk.naming.rmi jdk.net jdk.nio.mapmode jdk.random jdk.sctp jdk.security.auth jdk.security.jgss jdk.unsupported jdk.unsupported.desktop jdk.xml.dom" 

Environment Variables:
PATH=C:\Python313\Scripts\;C:\Python313\;C:\Program Files\Eclipse Adoptium\jdk-17.0.15.6-hotspot\bin;C:\WINDOWS\system32;C:\WINDOWS;C:\WINDOWS\System32\Wbem;C:\WINDOWS\System32\WindowsPowerShell\v1.0\;C:\WINDOWS\System32\OpenSSH\;C:\Program Files\Git\cmd;C:\Program Files\nodejs\;C:\ProgramData\chocolatey\bin;C:\Program Files\MySQL\MySQL Shell 8.0\bin\;C:\Users\Wipro\AppData\Local\Microsoft\WindowsApps;C:\Users\Wipro\AppData\Local\Programs\Microsoft VS Code\bin;C:\Users\Wipro\AppData\Local\Programs\Windsurf\bin;C:\Users\Wipro\AppData\Roaming\npm;C:\minikube;C:\minikube;C:\ProgramData\chocolatey\lib\maven\apache-maven-3.9.11\bin;C:\Program Files\PostgreSQL\17\bin;C:\Program Files (x86)\Intel\Intel(R) Management Engine Components\DAL;C:\Program Files\Intel\Intel(R) Management Engine Components\DAL;C:\Program Files\Docker\Docker\resources\bin;C:\Program Files\GitHub CLI\;C:\Program Files\MySQL\MySQL Shell 8.0\bin\;C:\Users\Wipro\AppData\Local\Microsoft\WindowsApps;C:\Users\Wipro\AppData\Local\Programs\Microsoft VS Code\bin;C:\Users\Wipro\AppData\Local\Programs\Windsurf\bin;C:\Users\Wipro\AppData\Roaming\npm;C:\Program Files\PostgreSQL\17\bin;C:\Users\Wipro\AppData\Local\Programs\cursor\resources\app\bin;C:\Users\Wipro\.dotnet
USERNAME=Wipro
OS=Windows_NT
PROCESSOR_IDENTIFIER=Intel64 Family 6 Model 142 Stepping 10, GenuineIntel
TMP=C:\Users\Wipro\AppData\Local\Temp
TEMP=C:\Users\Wipro\AppData\Local\Temp




Periodic native trim disabled

---------------  S Y S T E M  ---------------

OS:
 Windows 11 , 64 bit Build 26100 (10.0.26100.7019)
OS uptime: 1 days 3:02 hours
Hyper-V role detected

CPU: total 8 (initial active 8) (4 cores per cpu, 2 threads per core) family 6 model 142 stepping 10 microcode 0xf6, cx8, cmov, fxsr, ht, mmx, 3dnowpref, sse, sse2, sse3, ssse3, sse4.1, sse4.2, popcnt, lzcnt, tsc, tscinvbit, avx, avx2, aes, erms, clmul, bmi1, bmi2, rtm, adx, fma, vzeroupper, clflush, clflushopt, hv, rdtscp, f16c
Processor Information for the first 8 processors :
  Max Mhz: 1896, Current Mhz: 1696, Mhz Limit: 1687

Memory: 4k page, system-wide physical 8035M (752M free)
TotalPageFile size 18438M (AvailPageFile size 0M)
current process WorkingSet (physical memory assigned to process): 145M, peak: 314M
current process commit charge ("private bytes"): 369M, peak: 407M

vm_info: OpenJDK 64-Bit Server VM (21.0.9+10-LTS) for windows-amd64 JRE (21.0.9+10-LTS), built on 2025-10-21T00:00:00Z by "admin" with unknown MS VC++:1942

END.
